[1 2 3] [1.2 1 1.3] [T T F] [c c h]
[[1 2] [3 4]] [[1.2 1] [2.1 4.5]] [[T T] [F F]] [[c c] [b e]]
[[1 2 3] [3 4 5]] [[1.2 1 2] [2.1 4.5 3]] [[T T F] [F F T]] [[c c c] [b e r]]
[[1 2 3] [3 4 5]] [[1.2 1 2.2] [2.1 4.5 2.2]] [[T T F] [F F T]] [[c c e] [b e e]]
