[2 3 4] [2.2 2.1 3.2] [F F T] [e e r] mello
[[2 1] [5 5]] [[1.2 1] [4.3 3]] [[F T] [T F]] [[e e] [f f]]
