[[1] [2]] [[1] [2]] [[F] [T]] [[a] [b]]
[[3] [4]] [[3] [4]] [[T] [F]] [[A] [G]]
[[2] [4]] [[10] [4]] [[T] [F]] [[A] [G]]
4 4 F G
