[2 4 6 8 10][[2 4 6 0] [3 6 9 0] [0 0 0 0] [0 0 0 0]][1 2 3]