[[2] [4]] [[1] [3]] [[2] [9]] [[2] [2]] [[4] [2]] [[10] [25]] [[30] [9]]
[[F] [F]] [[T] [F]] [[F] [T]] [[T] [T]] F F [[1] [2] [3]] [[2] [3] [4]]
[[2] [4]] [[1] [3]] [[2] [9]] [[2] [2.5]] [[4] [2]] [[10] [25]] [[30] [9]]
[[F] [F]] [[T] [F]] [[F] [T]] [[T] [T]] F T [[1] [2] [3]] [[2] [3] [4]]
[[T] [F]] [[T] [F]] F T F [[F] [F]]
