2 1 3 3 4 10 30 F T F T F T
2 1 3 3 4 10 30 F T F T F T
T T F T T F
