[2 3 4 5 6 7 8 9 10] [1 2 3] [1 2] F T [1 4 7 10]
eeeeeeaaaaa eeeeeeaba ea
14 [1 0 0 1 0 1852404336] [1 3 5]
14 [1.17549e-38 0 0 1.17549e-38 0 1.80621e+28] [1.17549e-38 0 0 1.17549e-38 0 1.80621e+28] [1 3 5]
[F F F T T T] [F F T]
[a b e e d a] [a i u]
